#-----------------------------------------------------------
# Vivado v2024.1 (64-bit)
# SW Build 5076996 on Wed May 22 18:37:14 MDT 2024
# IP Build 5075265 on Wed May 22 21:45:21 MDT 2024
# SharedData Build 5076995 on Wed May 22 18:29:18 MDT 2024
# Start of session at: Tue Mar 10 10:20:41 2026
# Process ID: 44024
# Current directory: W:/Desktop/SystemVerilogLabs/Lab8_Verification/Lab8_Verification.runs/clk_wiz_0_synth_1
# Command line: vivado.exe -log clk_wiz_0.vds -product Vivado -mode batch -messageDb vivado.pb -notrace -source clk_wiz_0.tcl
# Log file: W:/Desktop/SystemVerilogLabs/Lab8_Verification/Lab8_Verification.runs/clk_wiz_0_synth_1/clk_wiz_0.vds
# Journal file: W:/Desktop/SystemVerilogLabs/Lab8_Verification/Lab8_Verification.runs/clk_wiz_0_synth_1\vivado.jou
# Running On        :me5159-ugrad-05
# Platform          :Windows Server 2016 or Windows 10
# Operating System  :26100
# Processor Detail  :AMD Ryzen Threadripper 2990WX 32-Core Processor
# CPU Frequency     :2994 MHz
# CPU Physical cores:32
# CPU Logical cores :64
# Host memory       :137304 MB
# Swap memory       :20401 MB
# Total Virtual     :157705 MB
# Available Virtual :112229 MB
#-----------------------------------------------------------
source clk_wiz_0.tcl -notrace
